19:38 done s2 0.5 mythos_full
19:40 done s2 0.5 typec_full
19:42 done s2 0.5 chunjiandu_full
19:44 done s2 0.5 resnet50_full
19:46 done s2 0.5 scale_2000
19:47 done s2 0.5 scale_8000
19:49 done s2 0.7 mythos_full
19:51 done s2 0.7 typec_full
19:53 done s2 0.7 chunjiandu_full
19:55 done s2 0.7 resnet50_full
19:57 done s2 0.7 scale_2000
19:59 done s2 0.7 scale_8000
20:00 done s3 0.5 mythos_full
20:02 done s3 0.5 typec_full
20:04 done s3 0.5 chunjiandu_full
20:06 done s3 0.5 resnet50_full
20:08 done s3 0.5 scale_2000
20:10 done s3 0.5 scale_8000
20:12 done s3 0.7 mythos_full
20:13 done s3 0.7 typec_full
20:15 done s3 0.7 chunjiandu_full
20:17 done s3 0.7 resnet50_full
20:19 done s3 0.7 scale_2000
20:21 done s3 0.7 scale_8000
20:23 done s4 0.5 mythos_full
20:24 done s4 0.5 typec_full
20:26 done s4 0.5 chunjiandu_full
20:28 done s4 0.5 resnet50_full
20:30 done s4 0.5 scale_2000
20:32 done s4 0.5 scale_8000
20:34 done s4 0.7 mythos_full
20:35 done s4 0.7 typec_full
20:37 done s4 0.7 chunjiandu_full
20:39 done s4 0.7 resnet50_full
20:41 done s4 0.7 scale_2000
20:43 done s4 0.7 scale_8000
CONFIRM2_DONE Sun Jun 14 20:43:18 UTC 2026
CONFIRM3_DONE Sun Jun 14 21:21:04 UTC 2026
