17:24 distilled 0.5_scale_2000
17:26 distilled 0.5_scale_4000
17:28 distilled 0.5_scale_8000
18:00 distilled 1.0_mythos_full
18:02 distilled 1.0_typec_full
18:04 distilled 1.0_chunjiandu_full
18:06 distilled 1.0_resnet50_full
18:07 distilled 1.0_damselfish_full
18:09 distilled 1.0_scale_2000
18:11 distilled 1.0_scale_4000
18:13 distilled 1.0_scale_8000
18:15 distilled 1.0_scale_16000
18:17 distilled 0.3_mythos_full
18:18 distilled 0.3_typec_full
18:20 distilled 0.3_chunjiandu_full
18:22 distilled 0.3_resnet50_full
18:24 distilled 0.3_damselfish_full
18:26 distilled 0.3_scale_2000
18:28 distilled 0.3_scale_4000
18:29 distilled 0.3_scale_8000
18:31 distilled 0.3_scale_16000
18:33 distilled 0.7_mythos_full
18:35 distilled 0.7_typec_full
18:37 distilled 0.7_chunjiandu_full
18:39 distilled 0.7_resnet50_full
18:40 distilled 0.7_damselfish_full
18:42 distilled 0.7_scale_2000
18:44 distilled 0.7_scale_4000
18:46 distilled 0.7_scale_8000
18:48 distilled 0.7_scale_16000
18:50 distilled 0.9_mythos_full
18:51 distilled 0.9_typec_full
18:53 distilled 0.9_chunjiandu_full
18:55 distilled 0.9_resnet50_full
18:57 distilled 0.9_damselfish_full
18:59 distilled 0.9_scale_2000
19:00 distilled 0.9_scale_4000
19:02 distilled 0.9_scale_8000
19:04 distilled 0.9_scale_16000
19:06 distilled 0.2_mythos_full
19:08 distilled 0.2_typec_full
19:10 distilled 0.2_chunjiandu_full
19:11 distilled 0.2_resnet50_full
19:13 distilled 0.2_damselfish_full
19:15 distilled 0.2_scale_2000
19:17 distilled 0.2_scale_4000
19:19 distilled 0.2_scale_8000
19:21 distilled 0.2_scale_16000
GPU_LOOP_DONE Sun Jun 14 19:21:10 UTC 2026
